main.c:89:9:measure	8	static
main.c:95:10:sumReadings	24	static
main.c:103:10:getAllReadings	24	static
main.c:114:10:setAngleSmoothly	24	static
main.c:132:9:findBestYAngle	40	static
main.c:162:10:findNewPosition	8	static
main.c:188:9:getMeasPositionNumber	16	static
main.c:195:10:calibrate	56	dynamic
main.c:232:5:main	8	static
main.c:308:6:SystemClock_Config	88	static
main.c:345:6:HAL_GPIO_EXTI_Callback	16	static
main.c:353:6:HAL_TIM_PeriodElapsedCallback	16	static
main.c:366:6:Error_Handler	4	static,ignoring_inline_asm
